// Jest Snapshot v1, https://goo.gl/fbAQLP

exports[`should render the timeline section 1`] = `
<Timeline
  classes={
    Object {
      "body": "Timeline-body-1",
    }
  }
/>
`;
