// Jest Snapshot v1, https://goo.gl/fbAQLP

exports[`Testing VideoSnippet Component Should render the VideoSnippets section and match snapshot 1`] = `
<VideoSnippets
  sessionId={1}
  sessionInfo={
    Object {
      "author": Object {
        "email": "jpnsoares@email.com",
        "first_name": "",
        "id": 1,
        "is_superuser": true,
        "last_name": "",
        "profile": "editor",
      },
      "date": "2020-09-01",
      "enable": true,
      "id": 1,
      "id_session_dados_abertos": "59895",
      "location": "plenary",
      "resume": "",
      "situation_session": "pre_session",
      "type_session": "virtual",
    }
  }
>
  <Styled(MuiBox)
    height={1}
    width={1}
  >
    <div
      className="MuiBox-root MuiBox-root-1"
    >
      <Styled(MuiBox)
        alignItems="center"
        display="flex"
        height="100%"
        justifyContent="center"
        width="100%"
      >
        <div
          className="MuiBox-root MuiBox-root-2"
        >
          <WithStyles(ForwardRef(Typography))
            style={
              Object {
                "color": "#C4C4C4",
              }
            }
            variant="h5"
          >
            <ForwardRef(Typography)
              classes={
                Object {
                  "alignCenter": "MuiTypography-alignCenter",
                  "alignJustify": "MuiTypography-alignJustify",
                  "alignLeft": "MuiTypography-alignLeft",
                  "alignRight": "MuiTypography-alignRight",
                  "body1": "MuiTypography-body1",
                  "body2": "MuiTypography-body2",
                  "button": "MuiTypography-button",
                  "caption": "MuiTypography-caption",
                  "colorError": "MuiTypography-colorError",
                  "colorInherit": "MuiTypography-colorInherit",
                  "colorPrimary": "MuiTypography-colorPrimary",
                  "colorSecondary": "MuiTypography-colorSecondary",
                  "colorTextPrimary": "MuiTypography-colorTextPrimary",
                  "colorTextSecondary": "MuiTypography-colorTextSecondary",
                  "displayBlock": "MuiTypography-displayBlock",
                  "displayInline": "MuiTypography-displayInline",
                  "gutterBottom": "MuiTypography-gutterBottom",
                  "h1": "MuiTypography-h1",
                  "h2": "MuiTypography-h2",
                  "h3": "MuiTypography-h3",
                  "h4": "MuiTypography-h4",
                  "h5": "MuiTypography-h5",
                  "h6": "MuiTypography-h6",
                  "noWrap": "MuiTypography-noWrap",
                  "overline": "MuiTypography-overline",
                  "paragraph": "MuiTypography-paragraph",
                  "root": "MuiTypography-root",
                  "srOnly": "MuiTypography-srOnly",
                  "subtitle1": "MuiTypography-subtitle1",
                  "subtitle2": "MuiTypography-subtitle2",
                }
              }
              style={
                Object {
                  "color": "#C4C4C4",
                }
              }
              variant="h5"
            >
              <h5
                className="MuiTypography-root MuiTypography-h5"
                style={
                  Object {
                    "color": "#C4C4C4",
                  }
                }
              >
                Trechos não disponíveis
              </h5>
            </ForwardRef(Typography)>
          </WithStyles(ForwardRef(Typography))>
        </div>
      </Styled(MuiBox)>
    </div>
  </Styled(MuiBox)>
</VideoSnippets>
`;
