// Jest Snapshot v1, https://goo.gl/fbAQLP

exports[`Test if SessionHistoryComponent snapshot matches 1`] = `
<div
  className="MuiBox-root MuiBox-root-77"
>
  <div
    className="MuiGrid-root MuiGrid-container"
  >
    <div
      className="MuiGrid-root MuiGrid-item MuiGrid-grid-xs-12"
    >
      <div
        className="MuiGrid-root MuiGrid-container"
      >
        <div
          className="MuiGrid-root MuiGrid-item MuiGrid-grid-xs-6"
        >
          <div
            className="MuiBox-root MuiBox-root-78"
          >
            <h4
              className="MuiTypography-root MuiTypography-h4 MuiTypography-colorTextSecondary"
            >
              Histórico
            </h4>
          </div>
        </div>
        <div
          className="MuiGrid-root MuiGrid-item MuiGrid-grid-xs-6"
        >
          <div
            className="MuiBox-root MuiBox-root-79"
          >
            <div
              className="MuiFormControl-root MuiTextField-root"
            >
              <div
                className="MuiInputBase-root MuiInput-root MuiInput-underline Mui-error Mui-error MuiInputBase-formControl MuiInput-formControl MuiInputBase-adornedEnd"
                onClick={[Function]}
              >
                <input
                  aria-describedby="date-picker-search-helper-text"
                  aria-invalid={true}
                  autoFocus={false}
                  className="MuiInputBase-input MuiInput-input MuiInputBase-inputAdornedEnd"
                  disabled={false}
                  id="date-picker-search"
                  onAnimationStart={[Function]}
                  onBlur={[Function]}
                  onChange={[Function]}
                  onFocus={[Function]}
                  required={false}
                  type="text"
                />
                <div
                  className="MuiInputAdornment-root MuiInputAdornment-positionEnd"
                >
                  <button
                    className="MuiButtonBase-root MuiIconButton-root"
                    disabled={false}
                    onBlur={[Function]}
                    onClick={[Function]}
                    onDragLeave={[Function]}
                    onFocus={[Function]}
                    onKeyDown={[Function]}
                    onKeyUp={[Function]}
                    onMouseDown={[Function]}
                    onMouseLeave={[Function]}
                    onMouseUp={[Function]}
                    onTouchEnd={[Function]}
                    onTouchMove={[Function]}
                    onTouchStart={[Function]}
                    tabIndex={0}
                    type="button"
                  >
                    <span
                      className="MuiIconButton-label"
                    >
                      <svg
                        aria-hidden={true}
                        className="MuiSvgIcon-root"
                        focusable="false"
                        viewBox="0 0 24 24"
                      >
                        <path
                          d="M17 12h-5v5h5v-5zM16 1v2H8V1H6v2H5c-1.11 0-1.99.9-1.99 2L3 19c0 1.1.89 2 2 2h14c1.1 0 2-.9 2-2V5c0-1.1-.9-2-2-2h-1V1h-2zm3 18H5V8h14v11z"
                        />
                        <path
                          d="M0 0h24v24H0z"
                          fill="none"
                        />
                      </svg>
                    </span>
                  </button>
                </div>
              </div>
              <p
                className="MuiFormHelperText-root Mui-error"
                id="date-picker-search-helper-text"
              >
                Invalid Date Format
              </p>
            </div>
          </div>
        </div>
      </div>
    </div>
    <div
      className="MuiGrid-root MuiGrid-item MuiGrid-grid-xs-12"
    >
      <div
        className="MuiBox-root MuiBox-root-80"
      >
        <img
          alt="Uma sessão em andamento"
          src="session_happening_icon.svg"
        />
      </div>
      <ul
        className="MuiList-root makeStyles-sessionList-70 MuiList-dense"
      >
        <li
          className="MuiListItem-root MuiListItem-dense MuiListItem-gutters"
          disabled={false}
        >
          <div
            className="MuiPaper-root makeStyles-currentSessionHistoryCard-73 MuiPaper-elevation0 MuiPaper-rounded"
          >
            <div
              className="MuiGrid-root MuiGrid-container"
            >
              <div
                className="MuiGrid-root MuiGrid-item MuiGrid-grid-xs-2"
              >
                <div
                  className="MuiPaper-root makeStyles-iconCurrentSessionHistoryCard-74 MuiPaper-elevation0 MuiPaper-rounded"
                >
                  <div
                    className="MuiBox-root MuiBox-root-81 makeStyles-boxPaper-76"
                  >
                    <svg
                      aria-hidden={true}
                      className="MuiSvgIcon-root MuiSvgIcon-fontSizeLarge"
                      focusable="false"
                      style={
                        Object {
                          "color": "#FFFFFF",
                        }
                      }
                      viewBox="0 0 24 24"
                    >
                      <path
                        d="M4 10.5c-.83 0-1.5.67-1.5 1.5s.67 1.5 1.5 1.5 1.5-.67 1.5-1.5-.67-1.5-1.5-1.5zm0-6c-.83 0-1.5.67-1.5 1.5S3.17 7.5 4 7.5 5.5 6.83 5.5 6 4.83 4.5 4 4.5zm0 12c-.83 0-1.5.68-1.5 1.5s.68 1.5 1.5 1.5 1.5-.68 1.5-1.5-.67-1.5-1.5-1.5zM7 19h14v-2H7v2zm0-6h14v-2H7v2zm0-8v2h14V5H7z"
                      />
                    </svg>
                  </div>
                </div>
              </div>
              <div
                className="MuiGrid-root MuiGrid-item MuiGrid-grid-xs-10"
              >
                <div
                  className="MuiBox-root MuiBox-root-82"
                >
                  <div
                    className="MuiGrid-root MuiGrid-container"
                  >
                    <div
                      className="MuiGrid-root MuiGrid-item MuiGrid-grid-xs-6"
                    >
                      <p
                        className="MuiTypography-root MuiTypography-body1"
                      >
                        17/07
                      </p>
                    </div>
                    <div
                      className="MuiGrid-root MuiGrid-item MuiGrid-grid-xs-6"
                    >
                      <div
                        className="MuiBox-root MuiBox-root-83"
                      >
                        <img
                          alt="Status sessão agendada"
                          src="session_started.svg"
                        />
                      </div>
                    </div>
                    <div
                      className="MuiGrid-root MuiGrid-item MuiGrid-grid-xs-12"
                    >
                      <h6
                        className="MuiTypography-root MuiTypography-h6"
                      >
                        Sessão Deliberativa Extraordinária
                      </h6>
                    </div>
                  </div>
                </div>
              </div>
            </div>
          </div>
        </li>
        <li
          className="MuiListItem-root MuiListItem-dense MuiListItem-gutters"
          disabled={false}
        >
          <div
            className="MuiPaper-root makeStyles-sessionHistoryCard-72 MuiPaper-elevation0 MuiPaper-rounded"
          >
            <div
              className="MuiGrid-root MuiGrid-container"
            >
              <div
                className="MuiGrid-root MuiGrid-item MuiGrid-grid-xs-2"
              >
                <div
                  className="MuiPaper-root makeStyles-iconSessionHistoryCard-75 MuiPaper-elevation0 MuiPaper-rounded"
                >
                  <div
                    className="MuiBox-root MuiBox-root-84 makeStyles-boxPaper-76"
                  >
                    <svg
                      aria-hidden={true}
                      className="MuiSvgIcon-root MuiSvgIcon-fontSizeLarge"
                      focusable="false"
                      style={
                        Object {
                          "color": "FAC915",
                        }
                      }
                      viewBox="0 0 24 24"
                    >
                      <path
                        d="M11.99 2C6.47 2 2 6.48 2 12s4.47 10 9.99 10C17.52 22 22 17.52 22 12S17.52 2 11.99 2zM12 20c-4.42 0-8-3.58-8-8s3.58-8 8-8 8 3.58 8 8-3.58 8-8 8z"
                      />
                      <path
                        d="M12.5 7H11v6l5.25 3.15.75-1.23-4.5-2.67z"
                      />
                    </svg>
                  </div>
                </div>
              </div>
              <div
                className="MuiGrid-root MuiGrid-item MuiGrid-grid-xs-10"
              >
                <div
                  className="MuiBox-root MuiBox-root-85"
                >
                  <div
                    className="MuiGrid-root MuiGrid-container"
                  >
                    <div
                      className="MuiGrid-root MuiGrid-item MuiGrid-grid-xs-6"
                    >
                      <p
                        className="MuiTypography-root MuiTypography-body1"
                      >
                        17/07
                      </p>
                    </div>
                    <div
                      className="MuiGrid-root MuiGrid-item MuiGrid-grid-xs-6"
                    >
                      <div
                        className="MuiBox-root MuiBox-root-86"
                      >
                        <img
                          alt="Status sessão agendada"
                          src="schedule_session.svg"
                        />
                      </div>
                    </div>
                    <div
                      className="MuiGrid-root MuiGrid-item MuiGrid-grid-xs-12"
                    >
                      <h6
                        className="MuiTypography-root MuiTypography-h6"
                        style={
                          Object {
                            "color": "grey",
                          }
                        }
                      >
                        Sessão Deliberativa Extraordinária
                      </h6>
                    </div>
                  </div>
                </div>
              </div>
            </div>
          </div>
        </li>
        <li
          className="MuiListItem-root MuiListItem-dense MuiListItem-gutters"
          disabled={false}
        >
          <div
            className="MuiPaper-root makeStyles-sessionHistoryCard-72 MuiPaper-elevation0 MuiPaper-rounded"
          >
            <div
              className="MuiGrid-root MuiGrid-container"
            >
              <div
                className="MuiGrid-root MuiGrid-item MuiGrid-grid-xs-2"
              >
                <div
                  className="MuiPaper-root makeStyles-iconSessionHistoryCard-75 MuiPaper-elevation0 MuiPaper-rounded"
                >
                  <div
                    className="MuiBox-root MuiBox-root-87 makeStyles-boxPaper-76"
                  >
                    <svg
                      aria-hidden={true}
                      className="MuiSvgIcon-root MuiSvgIcon-fontSizeLarge"
                      focusable="false"
                      style={
                        Object {
                          "color": "FAC915",
                        }
                      }
                      viewBox="0 0 24 24"
                    >
                      <path
                        d="M11.99 2C6.47 2 2 6.48 2 12s4.47 10 9.99 10C17.52 22 22 17.52 22 12S17.52 2 11.99 2zM12 20c-4.42 0-8-3.58-8-8s3.58-8 8-8 8 3.58 8 8-3.58 8-8 8z"
                      />
                      <path
                        d="M12.5 7H11v6l5.25 3.15.75-1.23-4.5-2.67z"
                      />
                    </svg>
                  </div>
                </div>
              </div>
              <div
                className="MuiGrid-root MuiGrid-item MuiGrid-grid-xs-10"
              >
                <div
                  className="MuiBox-root MuiBox-root-88"
                >
                  <div
                    className="MuiGrid-root MuiGrid-container"
                  >
                    <div
                      className="MuiGrid-root MuiGrid-item MuiGrid-grid-xs-6"
                    >
                      <p
                        className="MuiTypography-root MuiTypography-body1"
                      >
                        17/07
                      </p>
                    </div>
                    <div
                      className="MuiGrid-root MuiGrid-item MuiGrid-grid-xs-6"
                    >
                      <div
                        className="MuiBox-root MuiBox-root-89"
                      >
                        <img
                          alt="Status sessão agendada"
                          src="schedule_session.svg"
                        />
                      </div>
                    </div>
                    <div
                      className="MuiGrid-root MuiGrid-item MuiGrid-grid-xs-12"
                    >
                      <h6
                        className="MuiTypography-root MuiTypography-h6"
                        style={
                          Object {
                            "color": "grey",
                          }
                        }
                      >
                        Sessão Deliberativa Extraordinária
                      </h6>
                    </div>
                  </div>
                </div>
              </div>
            </div>
          </div>
        </li>
        <li
          className="MuiListItem-root MuiListItem-dense MuiListItem-gutters"
          disabled={false}
        >
          <div
            className="MuiPaper-root makeStyles-sessionHistoryCard-72 MuiPaper-elevation0 MuiPaper-rounded"
          >
            <div
              className="MuiGrid-root MuiGrid-container"
            >
              <div
                className="MuiGrid-root MuiGrid-item MuiGrid-grid-xs-2"
              >
                <div
                  className="MuiPaper-root makeStyles-iconSessionHistoryCard-75 MuiPaper-elevation0 MuiPaper-rounded"
                >
                  <div
                    className="MuiBox-root MuiBox-root-90 makeStyles-boxPaper-76"
                  >
                    <svg
                      aria-hidden={true}
                      className="MuiSvgIcon-root MuiSvgIcon-fontSizeLarge"
                      focusable="false"
                      style={
                        Object {
                          "color": "FAC915",
                        }
                      }
                      viewBox="0 0 24 24"
                    >
                      <path
                        d="M11.99 2C6.47 2 2 6.48 2 12s4.47 10 9.99 10C17.52 22 22 17.52 22 12S17.52 2 11.99 2zM12 20c-4.42 0-8-3.58-8-8s3.58-8 8-8 8 3.58 8 8-3.58 8-8 8z"
                      />
                      <path
                        d="M12.5 7H11v6l5.25 3.15.75-1.23-4.5-2.67z"
                      />
                    </svg>
                  </div>
                </div>
              </div>
              <div
                className="MuiGrid-root MuiGrid-item MuiGrid-grid-xs-10"
              >
                <div
                  className="MuiBox-root MuiBox-root-91"
                >
                  <div
                    className="MuiGrid-root MuiGrid-container"
                  >
                    <div
                      className="MuiGrid-root MuiGrid-item MuiGrid-grid-xs-6"
                    >
                      <p
                        className="MuiTypography-root MuiTypography-body1"
                      >
                        17/07
                      </p>
                    </div>
                    <div
                      className="MuiGrid-root MuiGrid-item MuiGrid-grid-xs-6"
                    >
                      <div
                        className="MuiBox-root MuiBox-root-92"
                      >
                        <img
                          alt="Status sessão agendada"
                          src="schedule_session.svg"
                        />
                      </div>
                    </div>
                    <div
                      className="MuiGrid-root MuiGrid-item MuiGrid-grid-xs-12"
                    >
                      <h6
                        className="MuiTypography-root MuiTypography-h6"
                        style={
                          Object {
                            "color": "grey",
                          }
                        }
                      >
                        Sessão Deliberativa Extraordinária
                      </h6>
                    </div>
                  </div>
                </div>
              </div>
            </div>
          </div>
        </li>
        <li
          className="MuiListItem-root MuiListItem-dense MuiListItem-gutters"
          disabled={false}
        >
          <div
            className="MuiPaper-root makeStyles-sessionHistoryCard-72 MuiPaper-elevation0 MuiPaper-rounded"
          >
            <div
              className="MuiGrid-root MuiGrid-container"
            >
              <div
                className="MuiGrid-root MuiGrid-item MuiGrid-grid-xs-2"
              >
                <div
                  className="MuiPaper-root makeStyles-iconSessionHistoryCard-75 MuiPaper-elevation0 MuiPaper-rounded"
                >
                  <div
                    className="MuiBox-root MuiBox-root-93 makeStyles-boxPaper-76"
                  >
                    <svg
                      aria-hidden={true}
                      className="MuiSvgIcon-root MuiSvgIcon-fontSizeLarge"
                      focusable="false"
                      viewBox="0 0 24 24"
                    >
                      <svg>
                        document_icon.svg
                      </svg>
                    </svg>
                  </div>
                </div>
              </div>
              <div
                className="MuiGrid-root MuiGrid-item MuiGrid-grid-xs-10"
              >
                <div
                  className="MuiBox-root MuiBox-root-94"
                >
                  <div
                    className="MuiGrid-root MuiGrid-container"
                  >
                    <div
                      className="MuiGrid-root MuiGrid-item MuiGrid-grid-xs-6"
                    >
                      <p
                        className="MuiTypography-root MuiTypography-body1"
                      >
                        17/07
                      </p>
                    </div>
                    <div
                      className="MuiGrid-root MuiGrid-item MuiGrid-grid-xs-6"
                    >
                      <div
                        className="MuiBox-root MuiBox-root-95"
                      >
                        <img
                          alt="Status sessão encerrada"
                          src="finished_session.svg"
                        />
                      </div>
                    </div>
                    <div
                      className="MuiGrid-root MuiGrid-item MuiGrid-grid-xs-12"
                    >
                      <h6
                        className="MuiTypography-root MuiTypography-h6"
                        style={
                          Object {
                            "color": "grey",
                          }
                        }
                      >
                        Sessão Deliberativa Extraordinária
                      </h6>
                    </div>
                  </div>
                </div>
              </div>
            </div>
          </div>
        </li>
        <li
          className="MuiListItem-root MuiListItem-dense MuiListItem-gutters"
          disabled={false}
        >
          <div
            className="MuiPaper-root makeStyles-sessionHistoryCard-72 MuiPaper-elevation0 MuiPaper-rounded"
          >
            <div
              className="MuiGrid-root MuiGrid-container"
            >
              <div
                className="MuiGrid-root MuiGrid-item MuiGrid-grid-xs-2"
              >
                <div
                  className="MuiPaper-root makeStyles-iconSessionHistoryCard-75 MuiPaper-elevation0 MuiPaper-rounded"
                >
                  <div
                    className="MuiBox-root MuiBox-root-96 makeStyles-boxPaper-76"
                  >
                    <svg
                      aria-hidden={true}
                      className="MuiSvgIcon-root MuiSvgIcon-fontSizeLarge"
                      focusable="false"
                      viewBox="0 0 24 24"
                    >
                      <svg>
                        document_icon.svg
                      </svg>
                    </svg>
                  </div>
                </div>
              </div>
              <div
                className="MuiGrid-root MuiGrid-item MuiGrid-grid-xs-10"
              >
                <div
                  className="MuiBox-root MuiBox-root-97"
                >
                  <div
                    className="MuiGrid-root MuiGrid-container"
                  >
                    <div
                      className="MuiGrid-root MuiGrid-item MuiGrid-grid-xs-6"
                    >
                      <p
                        className="MuiTypography-root MuiTypography-body1"
                      >
                        17/07
                      </p>
                    </div>
                    <div
                      className="MuiGrid-root MuiGrid-item MuiGrid-grid-xs-6"
                    >
                      <div
                        className="MuiBox-root MuiBox-root-98"
                      >
                        <img
                          alt="Status sessão encerrada"
                          src="finished_session.svg"
                        />
                      </div>
                    </div>
                    <div
                      className="MuiGrid-root MuiGrid-item MuiGrid-grid-xs-12"
                    >
                      <h6
                        className="MuiTypography-root MuiTypography-h6"
                        style={
                          Object {
                            "color": "grey",
                          }
                        }
                      >
                        Sessão Deliberativa Extraordinária
                      </h6>
                    </div>
                  </div>
                </div>
              </div>
            </div>
          </div>
        </li>
        <li
          className="MuiListItem-root MuiListItem-dense MuiListItem-gutters"
          disabled={false}
        >
          <div
            className="MuiPaper-root makeStyles-sessionHistoryCard-72 MuiPaper-elevation0 MuiPaper-rounded"
          >
            <div
              className="MuiGrid-root MuiGrid-container"
            >
              <div
                className="MuiGrid-root MuiGrid-item MuiGrid-grid-xs-2"
              >
                <div
                  className="MuiPaper-root makeStyles-iconSessionHistoryCard-75 MuiPaper-elevation0 MuiPaper-rounded"
                >
                  <div
                    className="MuiBox-root MuiBox-root-99 makeStyles-boxPaper-76"
                  >
                    <svg
                      aria-hidden={true}
                      className="MuiSvgIcon-root MuiSvgIcon-fontSizeLarge"
                      focusable="false"
                      viewBox="0 0 24 24"
                    >
                      <svg>
                        document_icon.svg
                      </svg>
                    </svg>
                  </div>
                </div>
              </div>
              <div
                className="MuiGrid-root MuiGrid-item MuiGrid-grid-xs-10"
              >
                <div
                  className="MuiBox-root MuiBox-root-100"
                >
                  <div
                    className="MuiGrid-root MuiGrid-container"
                  >
                    <div
                      className="MuiGrid-root MuiGrid-item MuiGrid-grid-xs-6"
                    >
                      <p
                        className="MuiTypography-root MuiTypography-body1"
                      >
                        17/07
                      </p>
                    </div>
                    <div
                      className="MuiGrid-root MuiGrid-item MuiGrid-grid-xs-6"
                    >
                      <div
                        className="MuiBox-root MuiBox-root-101"
                      >
                        <img
                          alt="Status sessão encerrada"
                          src="finished_session.svg"
                        />
                      </div>
                    </div>
                    <div
                      className="MuiGrid-root MuiGrid-item MuiGrid-grid-xs-12"
                    >
                      <h6
                        className="MuiTypography-root MuiTypography-h6"
                        style={
                          Object {
                            "color": "grey",
                          }
                        }
                      >
                        Sessão Deliberativa Extraordinária
                      </h6>
                    </div>
                  </div>
                </div>
              </div>
            </div>
          </div>
        </li>
      </ul>
    </div>
  </div>
  <div
    className="MuiBox-root MuiBox-root-102"
  />
</div>
`;
