// Jest Snapshot v1, https://goo.gl/fbAQLP

exports[`should render the SessionHistoryComponent component and match snapshot 1`] = `
<WithStyles(SessionHistoryComponent)>
  <SessionHistoryComponent
    classes={
      Object {
        "sessionList": "SessionHistoryComponent-sessionList-2",
      }
    }
  >
    <Styled(MuiBox)
      alignItems="center"
      display="flex"
      justifyContent="center"
    >
      <div
        className="MuiBox-root MuiBox-root-3"
      >
        <WithStyles(ForwardRef(CircularProgress))>
          <ForwardRef(CircularProgress)
            classes={
              Object {
                "circle": "MuiCircularProgress-circle",
                "circleDisableShrink": "MuiCircularProgress-circleDisableShrink",
                "circleIndeterminate": "MuiCircularProgress-circleIndeterminate",
                "circleStatic": "MuiCircularProgress-circleStatic",
                "colorPrimary": "MuiCircularProgress-colorPrimary",
                "colorSecondary": "MuiCircularProgress-colorSecondary",
                "indeterminate": "MuiCircularProgress-indeterminate",
                "root": "MuiCircularProgress-root",
                "static": "MuiCircularProgress-static",
                "svg": "MuiCircularProgress-svg",
              }
            }
          >
            <div
              className="MuiCircularProgress-root MuiCircularProgress-colorPrimary MuiCircularProgress-indeterminate"
              role="progressbar"
              style={
                Object {
                  "height": 40,
                  "width": 40,
                }
              }
            >
              <svg
                className="MuiCircularProgress-svg"
                viewBox="22 22 44 44"
              >
                <circle
                  className="MuiCircularProgress-circle MuiCircularProgress-circleIndeterminate"
                  cx={44}
                  cy={44}
                  fill="none"
                  r={20.2}
                  strokeWidth={3.6}
                  style={Object {}}
                />
              </svg>
            </div>
          </ForwardRef(CircularProgress)>
        </WithStyles(ForwardRef(CircularProgress))>
      </div>
    </Styled(MuiBox)>
  </SessionHistoryComponent>
</WithStyles(SessionHistoryComponent)>
`;
