// Jest Snapshot v1, https://goo.gl/fbAQLP

exports[`snapshot should not have differences 1`] = `
<Fragment>
  <WithStyles(ForwardRef(Grid))
    className="makeStyles-summaryBox-1"
    container={true}
  >
    <WithStyles(ForwardRef(Grid))
      className="makeStyles-summaryHeader-2"
      container={true}
    >
      <WithStyles(ForwardRef(Grid))
        item={true}
        md={6}
        style={
          Object {
            "display": "flex",
            "justifyContent": "flex-start",
          }
        }
      >
        <WithStyles(ForwardRef(Typography))
          variant="h5"
        >
           Resumo 
        </WithStyles(ForwardRef(Typography))>
      </WithStyles(ForwardRef(Grid))>
      <WithStyles(ForwardRef(Grid))
        item={true}
        md={6}
        style={
          Object {
            "display": "flex",
            "justifyContent": "flex-end",
          }
        }
      >
        <a
          href="/"
        >
          <img
            alt="up arrow icon"
            src="down-arrow.svg"
          />
        </a>
      </WithStyles(ForwardRef(Grid))>
    </WithStyles(ForwardRef(Grid))>
  </WithStyles(ForwardRef(Grid))>
  <WithStyles(ForwardRef(Grid))
    item={true}
    md={12}
  >
    <WithStyles(ForwardRef(Grid))
      container={true}
    >
      <form
        autoComplete="off"
        className="makeStyles-textArea-4"
        noValidate={true}
      >
        <WithStyles(ForwardRef(TextField))
          InputProps={
            Object {
              "classes": Object {
                "notchedOutline": "makeStyles-notchedOutline-3",
              },
            }
          }
          bgcolor="white"
          className="makeStyles-textField-5"
          id="outlined-multiline-static"
          multiline={true}
          onChange={[Function]}
          rows={4}
          value=""
          variant="outlined"
        />
      </form>
    </WithStyles(ForwardRef(Grid))>
    <Styled(MuiBox)
      bgcolor="#F2F2F2"
      borderRadius="0 0 10px 25px"
      borderTop={1}
      color="#F2F2F2"
    >
      <WithStyles(ForwardRef(Grid))
        container={true}
      >
        <WithStyles(ForwardRef(Grid))
          item={true}
          style={
            Object {
              "display": "flex",
              "justifyContent": "flex-start",
            }
          }
          xs={8}
        />
        <WithStyles(ForwardRef(Grid))
          item={true}
          style={
            Object {
              "display": "flex",
              "justifyContent": "flex-end",
            }
          }
          xs={4}
        >
          <WithStyles(ForwardRef(Button))
            disableElevation={true}
            onClick={[Function]}
            variant="contained"
          >
            Atualizar
          </WithStyles(ForwardRef(Button))>
        </WithStyles(ForwardRef(Grid))>
      </WithStyles(ForwardRef(Grid))>
    </Styled(MuiBox)>
  </WithStyles(ForwardRef(Grid))>
</Fragment>
`;
