// Jest Snapshot v1, https://goo.gl/fbAQLP

exports[`Testing News Card Should render the NewsCard component and match snapshot  1`] = `
<Styled(MuiBox)
  width="97%"
>
  <CustomizedSnackbars
    message=""
    open={false}
    type=""
  />
  <WithStyles(ForwardRef(Paper))
    elevation={0}
    style={
      Object {
        "background": "#F4F4F4",
      }
    }
  >
    <WithStyles(ForwardRef(Grid))
      container={true}
    >
      <WithStyles(ForwardRef(Grid))
        item={true}
        xs={12}
      >
        <Styled(MuiBox)
          m={1}
        >
          <WithStyles(ForwardRef(Grid))
            container={true}
          >
            <WithStyles(ForwardRef(Grid))
              item={true}
              xs={10}
            >
              <WithStyles(ForwardRef(Typography))
                style={
                  Object {
                    "color": "gray",
                  }
                }
                variant="body1"
              >
                Notícia
              </WithStyles(ForwardRef(Typography))>
            </WithStyles(ForwardRef(Grid))>
            <WithStyles(ForwardRef(Grid))
              item={true}
              xs={2}
            >
              <Styled(MuiBox)
                display="flex"
                justifyContent="flex-end"
              >
                <CopyToClipboard>
                  <WithStyles(ForwardRef(IconButton))
                    id="copyButtonAgenciaundefined"
                    size="small"
                  >
                    <FileCopyTwoToneIcon
                      fontSize="inherit"
                      onClick={[Function]}
                    />
                  </WithStyles(ForwardRef(IconButton))>
                </CopyToClipboard>
                <WithStyles(ForwardRef(Tooltip))
                  title="Deletar conteúdo"
                >
                  <WithStyles(ForwardRef(IconButton))
                    aria-label="delete"
                    id="deleteSavedContentundefined"
                    onClick={[Function]}
                    size="small"
                  >
                    <DeleteOutlineOutlinedIcon
                      fontSize="inherit"
                    />
                  </WithStyles(ForwardRef(IconButton))>
                </WithStyles(ForwardRef(Tooltip))>
              </Styled(MuiBox)>
            </WithStyles(ForwardRef(Grid))>
            <WithStyles(ForwardRef(Grid))
              item={true}
              xs={12}
            >
              <Styled(MuiBox)
                fontWeight="fontWeightRegular"
              >
                <a
                  href="https://undefined"
                  rel="external noopener noreferrer"
                  style={
                    Object {
                      "textDecoration": "none",
                    }
                  }
                  target="_blank"
                >
                  <WithStyles(ForwardRef(Typography))
                    style={
                      Object {
                        "color": "#007E5A",
                      }
                    }
                    variant="h6"
                  />
                </a>
              </Styled(MuiBox)>
            </WithStyles(ForwardRef(Grid))>
            <WithStyles(ForwardRef(Grid))
              item={true}
              xs={12}
            >
              <Styled(MuiBox)
                fontSize={11}
              >
                <WithStyles(ForwardRef(Typography))
                  style={
                    Object {
                      "color": "gray",
                    }
                  }
                >
                  Invalid date
                </WithStyles(ForwardRef(Typography))>
              </Styled(MuiBox)>
            </WithStyles(ForwardRef(Grid))>
          </WithStyles(ForwardRef(Grid))>
        </Styled(MuiBox)>
      </WithStyles(ForwardRef(Grid))>
    </WithStyles(ForwardRef(Grid))>
  </WithStyles(ForwardRef(Paper))>
</Styled(MuiBox)>
`;

exports[`should render the AgenciaCamaraContent section and match snapshot 1`] = `
<Styled(MuiBox)
  alignItems="center"
  display="flex"
  justifyContent="center"
>
  <WithStyles(ForwardRef(CircularProgress)) />
</Styled(MuiBox)>
`;
