// Jest Snapshot v1, https://goo.gl/fbAQLP

exports[`should render the VideoSnippets section 1`] = `
<div>
  <WithStyles(ForwardRef(Grid))
    container={true}
  >
    <WithStyles(ForwardRef(Grid))
      container={true}
    >
      <WithStyles(ForwardRef(Grid))
        item={true}
        xs={10}
      >
        <Styled(MuiBox)
          marginLeft={2}
          marginTop={1}
        >
          <WithStyles(ForwardRef(Typography))
            style={
              Object {
                "color": "#3E3E3E",
              }
            }
            variant="h5"
          >
            Trechos
          </WithStyles(ForwardRef(Typography))>
        </Styled(MuiBox)>
      </WithStyles(ForwardRef(Grid))>
      <WithStyles(ForwardRef(Grid))
        item={true}
        xs={2}
      >
        <Styled(MuiBox)
          marginRight={1}
        >
          <WithStyles(ForwardRef(TextField))
            InputProps={
              Object {
                "endAdornment": <ForwardRef(WithStyles)
                  position="start"
                >
                  <UNDEFINED />
                </ForwardRef(WithStyles)>,
              }
            }
            id="input-search-snippet"
            onChange={[Function]}
            size="small"
          />
        </Styled(MuiBox)>
      </WithStyles(ForwardRef(Grid))>
    </WithStyles(ForwardRef(Grid))>
    <WithStyles(ForwardRef(Grid))
      item={true}
      xs={12}
    >
      <Styled(MuiBox)
        marginLeft={1}
      >
        <List
          direction="ltr"
          height="12vh"
          itemCount={13}
          itemSize={61.44}
          layout="horizontal"
          overscanCount={2}
          useIsScrolling={false}
          width={552.96}
        >
          <Component />
        </List>
      </Styled(MuiBox)>
    </WithStyles(ForwardRef(Grid))>
  </WithStyles(ForwardRef(Grid))>
</div>
`;
